// Jest Snapshot v1, https://goo.gl/fbAQLP

exports[`ArticleReadView should render 404 view without crashing 1`] = `
<div
  className="h-100 w-100 p-5 m-5  text-center"
>
  <span
    style={
      Object {
        "fontSize": "800%",
      }
    }
  >
    404
  </span>
</div>
`;

exports[`ArticleReadView should render without crashing 1`] = `ShallowWrapper {}`;
