// Jest Snapshot v1, https://goo.gl/fbAQLP

exports[`test password reset components should render Message without crashing 1`] = `ShallowWrapper {}`;

exports[`test password reset components should render NewPasswordForm without crashing 1`] = `ShallowWrapper {}`;

exports[`test password reset components should render ResetForm without crashing 1`] = `ShallowWrapper {}`;
